RECORD|B_grammar|launcher|true|58844|44635|14186|9619|808|30|false|NONE
RECORD|A_naive|launcher|false|46203|43821|2356|0|808|15|false|NONE
RECORD|B_grammar|whatsapp_chat_list|true|63618|47366|16221|11345|817|32|false|NONE
RECORD|A_naive|whatsapp_chat_list|true|49777|44341|5412|0|817|35|false|NONE
RECORD|B_grammar|whatsapp_conversation|true|71466|54518|16915|10993|800|31|false|NONE
RECORD|A_naive|whatsapp_conversation|true|63472|57282|6165|0|800|34|false|NONE
RECORD|B_grammar|whatsapp_search|true|73882|56011|17844|12272|764|33|false|NONE
RECORD|A_naive|whatsapp_search|false|55171|49385|5760|0|764|37|false|NONE
RECORD|B_grammar|settings_root|true|65791|48474|17283|11849|822|32|false|NONE
RECORD|A_naive|settings_root|true|53131|47515|5589|0|822|34|false|NONE
RECORD|B_grammar|settings_wifi|true|70204|48487|21680|15537|799|36|false|NONE
RECORD|A_naive|settings_wifi|true|54801|48214|6564|0|799|39|false|NONE
RECORD|B_grammar|dialer_keypad|true|66008|48069|17904|12221|775|32|false|NONE
RECORD|A_naive|dialer_keypad|false|63564|53032|10509|0|775|61|false|NONE
RECORD|B_grammar|dialer_contacts|true|66055|50140|15885|10626|784|30|false|NONE
RECORD|A_naive|dialer_contacts|false|60821|47351|13429|0|784|78|false|NONE
RECORD|B_grammar|permission_dialog|true|65549|48515|17007|11330|768|31|false|NONE
RECORD|A_naive|permission_dialog|true|61609|54530|7055|0|768|34|false|NONE
RECORD|B_grammar|loading|true|75316|55474|19799|13708|755|33|false|NONE
RECORD|A_naive|loading|false|55685|49130|6528|0|755|35|false|NONE
RECORD|B_grammar|messages_inbox|true|72525|53386|19102|13179|781|32|false|NONE
RECORD|A_naive|messages_inbox|true|52099|46001|6073|0|781|36|false|NONE
RECORD|B_grammar|calendar_month|true|72476|48562|23888|17268|785|38|false|NONE
RECORD|A_naive|calendar_month|false|55222|46751|8446|0|785|48|false|NONE
RECORD|B_grammar|whatsapp_attach_sheet|true|65946|48442|17473|11702|788|32|false|NONE
RECORD|A_naive|whatsapp_attach_sheet|false|51216|48418|2767|0|788|16|false|NONE
RECORD|B_grammar|empty_canvas|true|68349|50048|18266|12527|761|32|false|NONE
RECORD|A_naive|empty_canvas|true|53114|46883|6202|0|761|35|false|NONE
RECORD|B_grammar|settings_search|true|71482|51338|20108|13832|753|33|false|NONE
RECORD|A_naive|settings_search|false|54920|46872|8013|0|753|46|false|NONE
