RECORD|B_grammar|launcher|true|52406|37021|15360|10037|555|35|false|NONE
RECORD|A_naive|launcher|false|32368|31917|430|0|555|2|false|NONE
RECORD|B_grammar|whatsapp_chat_list|true|48663|31985|16647|11189|564|36|false|NONE
RECORD|A_naive|whatsapp_chat_list|false|31945|31559|365|0|564|2|false|NONE
RECORD|B_grammar|whatsapp_conversation|true|57093|36688|20379|13934|547|38|false|NONE
RECORD|A_naive|whatsapp_conversation|false|34340|34110|208|0|547|1|false|NONE
RECORD|B_grammar|whatsapp_search|true|52985|32468|20491|14124|511|38|false|NONE
RECORD|A_naive|whatsapp_search|false|32385|31939|414|0|511|2|false|NONE
RECORD|B_grammar|clock_alarm_list|true|64762|36090|28646|20800|579|46|false|NONE
RECORD|A_naive|clock_alarm_list|false|38379|37907|448|0|579|2|false|NONE
RECORD|B_grammar|dialer_keypad|true|57289|38256|19011|12820|522|36|false|NONE
RECORD|A_naive|dialer_keypad|false|32473|32045|395|0|522|2|false|NONE
RECORD|B_grammar|dialer_contacts|true|48954|31684|17239|11380|531|34|false|NONE
RECORD|A_naive|dialer_contacts|false|30921|30520|376|0|531|2|false|NONE
RECORD|B_grammar|maps_home|true|49428|31181|18219|12082|525|36|false|NONE
RECORD|A_naive|maps_home|false|32430|32181|223|0|525|1|false|NONE
RECORD|B_grammar|maps_search_result|true|52404|32464|19911|13297|528|37|false|NONE
RECORD|A_naive|maps_search_result|false|31754|31289|433|0|528|2|false|NONE
RECORD|B_grammar|permission_dialog|true|48420|31008|17386|11391|515|35|false|NONE
RECORD|A_naive|permission_dialog|false|32461|32188|252|0|515|1|false|NONE
RECORD|B_grammar|loading|true|49133|30508|18592|12297|502|36|false|NONE
RECORD|A_naive|loading|false|30045|29795|218|0|502|1|false|NONE
RECORD|B_grammar|messages_inbox|true|52369|30991|21350|14346|528|37|false|NONE
RECORD|A_naive|messages_inbox|false|34813|34372|420|0|528|2|false|NONE
RECORD|B_grammar|calendar_new_event|true|60463|40711|19690|12904|527|36|false|NONE
RECORD|A_naive|calendar_new_event|false|36705|36252|421|0|527|2|false|NONE
RECORD|B_grammar|settings_bluetooth|true|55260|34281|20947|13544|529|37|false|NONE
RECORD|A_naive|settings_bluetooth|false|35079|33657|1401|0|529|2|false|NONE
RECORD|B_grammar|whatsapp_attach_sheet|true|66362|47462|18845|12699|535|34|false|NONE
RECORD|A_naive|whatsapp_attach_sheet|false|33265|30814|2426|0|535|15|false|NONE
RECORD|B_grammar|empty_canvas|true|49922|32288|17606|11497|508|35|false|NONE
RECORD|A_naive|empty_canvas|false|30837|30584|221|0|508|1|false|NONE
RECORD|B_grammar|settings_search|true|48697|29325|19341|13201|500|38|false|NONE
RECORD|A_naive|settings_search|false|30912|30680|211|0|500|1|false|NONE
RECORD|B_grammar|contact_detail|true|50510|32988|17492|11565|547|35|false|NONE
RECORD|A_naive|contact_detail|false|33343|32903|406|0|547|2|false|NONE
