RECORD|B_grammar|launcher|true|58546|44466|14051|9533|808|30|false|NONE
RECORD|A_naive|launcher|false|46576|44218|2334|0|808|15|false|NONE
RECORD|B_grammar|whatsapp_chat_list|true|68347|44864|23450|12779|817|32|false|NONE
RECORD|A_naive|whatsapp_chat_list|true|82003|75923|6032|0|817|35|false|NONE
RECORD|B_grammar|whatsapp_conversation|true|68374|52953|15381|10584|800|31|false|NONE
RECORD|A_naive|whatsapp_conversation|true|52787|47030|5734|0|800|34|false|NONE
RECORD|B_grammar|whatsapp_search|true|60217|43367|16814|11753|764|33|false|NONE
RECORD|A_naive|whatsapp_search|false|48783|43009|5749|0|764|37|false|NONE
RECORD|B_grammar|clock_alarm_list|true|67751|45572|22152|16315|832|38|false|NONE
RECORD|A_naive|clock_alarm_list|true|56988|50463|6500|0|832|41|false|NONE
RECORD|B_grammar|dialer_keypad|true|67044|50088|16924|11805|775|32|false|NONE
RECORD|A_naive|dialer_keypad|false|53597|43773|9798|0|775|61|false|NONE
RECORD|B_grammar|dialer_contacts|true|62281|47324|14925|10141|784|30|false|NONE
RECORD|A_naive|dialer_contacts|false|57831|45525|12277|0|784|78|false|NONE
RECORD|B_grammar|maps_home|true|70426|53300|17095|11433|778|30|false|NONE
RECORD|A_naive|maps_home|false|64355|54719|9597|0|778|57|false|NONE
RECORD|B_grammar|maps_search_result|true|66015|49696|16284|10553|781|30|false|NONE
RECORD|A_naive|maps_search_result|true|64397|46119|18248|0|781|105|false|NONE
RECORD|B_grammar|calendar_new_event|true|62575|47736|14809|9919|780|30|false|NONE
RECORD|A_naive|calendar_new_event|true|73222|46884|26314|0|780|123|false|NONE
RECORD|B_grammar|settings_bluetooth|true|74126|55857|18232|12149|782|32|false|NONE
RECORD|A_naive|settings_bluetooth|false|52902|46882|5993|0|782|34|false|NONE
RECORD|B_grammar|whatsapp_attach_sheet|true|67704|50079|17590|11974|788|32|false|NONE
RECORD|A_naive|whatsapp_attach_sheet|false|51545|48670|2837|0|788|16|false|NONE
RECORD|B_grammar|empty_canvas|true|68129|48914|19182|12861|761|32|false|NONE
RECORD|A_naive|empty_canvas|true|57115|51008|6062|0|761|35|false|NONE
